2026-02-09 19:33:39,230 - FormEngine - INFO - Application started
2026-02-09 19:33:39,235 - FormEngine - INFO - Loaded schema: example_customer_feedback.json
2026-02-09 19:33:39,235 - FormEngine - INFO - Schema resolver initialized
2026-02-09 19:33:39,236 - FormEngine - INFO - Form renderer initialized
2026-02-09 19:33:39,236 - FormEngine - INFO - Validation engine initialized
2026-02-09 19:33:58,344 - FormEngine - INFO - Application started
2026-02-09 19:33:58,351 - FormEngine - INFO - Loaded schema: example_customer_feedback.json
2026-02-09 19:33:58,352 - FormEngine - INFO - Schema resolver initialized
2026-02-09 19:33:58,352 - FormEngine - INFO - Form renderer initialized
2026-02-09 19:33:58,352 - FormEngine - INFO - Validation engine initialized
2026-02-09 19:34:10,301 - FormEngine - INFO - Application started
2026-02-09 19:34:10,308 - FormEngine - INFO - Loaded schema: schema.json
2026-02-09 19:34:10,308 - FormEngine - INFO - Schema resolver initialized
2026-02-09 19:34:10,308 - FormEngine - INFO - Form renderer initialized
2026-02-09 19:34:10,309 - FormEngine - INFO - Validation engine initialized
2026-02-09 19:34:10,313 - FormEngine - INFO - Initialized array owners with 1 items
2026-02-09 19:34:29,612 - FormEngine - INFO - Application started
2026-02-09 19:34:29,616 - FormEngine - INFO - Loaded schema: schema.json
2026-02-09 19:34:29,617 - FormEngine - INFO - Schema resolver initialized
2026-02-09 19:34:29,617 - FormEngine - INFO - Form renderer initialized
2026-02-09 19:34:29,617 - FormEngine - INFO - Validation engine initialized
2026-02-09 19:34:34,464 - FormEngine - INFO - Application started
2026-02-09 19:34:34,469 - FormEngine - INFO - Loaded schema: schema.json
2026-02-09 19:34:34,469 - FormEngine - INFO - Schema resolver initialized
2026-02-09 19:34:34,470 - FormEngine - INFO - Form renderer initialized
2026-02-09 19:34:34,470 - FormEngine - INFO - Validation engine initialized
2026-02-09 19:34:36,061 - FormEngine - INFO - Application started
2026-02-09 19:34:36,067 - FormEngine - INFO - Loaded schema: schema.json
2026-02-09 19:34:36,068 - FormEngine - INFO - Schema resolver initialized
2026-02-09 19:34:36,068 - FormEngine - INFO - Form renderer initialized
2026-02-09 19:34:36,069 - FormEngine - INFO - Validation engine initialized
2026-02-09 19:34:37,889 - FormEngine - INFO - Application started
2026-02-09 19:34:37,896 - FormEngine - INFO - Loaded schema: schema.json
2026-02-09 19:34:37,896 - FormEngine - INFO - Schema resolver initialized
2026-02-09 19:34:37,896 - FormEngine - INFO - Form renderer initialized
2026-02-09 19:34:37,896 - FormEngine - INFO - Validation engine initialized
2026-02-09 19:34:41,070 - FormEngine - INFO - Application started
2026-02-09 19:34:41,075 - FormEngine - INFO - Loaded schema: schema.json
2026-02-09 19:34:41,075 - FormEngine - INFO - Schema resolver initialized
2026-02-09 19:34:41,076 - FormEngine - INFO - Form renderer initialized
2026-02-09 19:34:41,076 - FormEngine - INFO - Validation engine initialized
2026-02-09 19:34:43,453 - FormEngine - INFO - Application started
2026-02-09 19:34:43,460 - FormEngine - INFO - Loaded schema: schema.json
2026-02-09 19:34:43,460 - FormEngine - INFO - Schema resolver initialized
2026-02-09 19:34:43,461 - FormEngine - INFO - Form renderer initialized
2026-02-09 19:34:43,461 - FormEngine - INFO - Validation engine initialized
2026-02-09 19:34:51,723 - FormEngine - INFO - Application started
2026-02-09 19:34:51,729 - FormEngine - INFO - Loaded schema: schema.json
2026-02-09 19:34:51,729 - FormEngine - INFO - Schema resolver initialized
2026-02-09 19:34:51,729 - FormEngine - INFO - Form renderer initialized
2026-02-09 19:34:51,730 - FormEngine - INFO - Validation engine initialized
2026-02-09 19:34:54,099 - FormEngine - INFO - Application started
2026-02-09 19:34:54,104 - FormEngine - INFO - Loaded schema: schema.json
2026-02-09 19:34:54,104 - FormEngine - INFO - Schema resolver initialized
2026-02-09 19:34:54,104 - FormEngine - INFO - Form renderer initialized
2026-02-09 19:34:54,105 - FormEngine - INFO - Validation engine initialized
2026-02-09 19:34:54,114 - FormEngine - INFO - Validation result: PASSED (0 errors)
2026-02-09 19:34:54,116 - FormEngine - INFO - Validation successful
2026-02-09 19:34:57,580 - FormEngine - INFO - Application started
2026-02-09 19:34:57,584 - FormEngine - INFO - Loaded schema: schema.json
2026-02-09 19:34:57,584 - FormEngine - INFO - Schema resolver initialized
2026-02-09 19:34:57,584 - FormEngine - INFO - Form renderer initialized
2026-02-09 19:34:57,585 - FormEngine - INFO - Validation engine initialized
2026-02-09 19:34:57,597 - FormEngine - INFO - Validation result: PASSED (0 errors)
2026-02-09 19:34:57,600 - FormEngine - INFO - Form submitted: submission_20260209_193457.json
2026-02-09 19:38:31,362 - FormEngine - INFO - Application started
2026-02-09 19:38:31,366 - FormEngine - INFO - Form reset
2026-02-09 19:38:31,411 - FormEngine - INFO - Application started
2026-02-09 19:38:31,417 - FormEngine - INFO - Loaded schema: schema.json
2026-02-09 19:38:31,417 - FormEngine - INFO - Schema resolver initialized
2026-02-09 19:38:31,418 - FormEngine - INFO - Form renderer initialized
2026-02-09 19:38:31,418 - FormEngine - INFO - Validation engine initialized
2026-02-09 19:38:31,428 - FormEngine - INFO - Initialized array owners with 1 items
2026-02-09 19:38:33,468 - FormEngine - INFO - Application started
2026-02-09 19:38:33,471 - FormEngine - INFO - Form reset
2026-02-09 19:38:33,504 - FormEngine - INFO - Application started
2026-02-09 19:38:33,507 - FormEngine - INFO - Loaded schema: schema.json
2026-02-09 19:38:33,507 - FormEngine - INFO - Schema resolver initialized
2026-02-09 19:38:33,508 - FormEngine - INFO - Form renderer initialized
2026-02-09 19:38:33,508 - FormEngine - INFO - Validation engine initialized
2026-02-09 19:38:33,514 - FormEngine - INFO - Initialized array owners with 1 items
2026-02-09 19:38:34,547 - FormEngine - INFO - Application started
2026-02-09 19:38:34,550 - FormEngine - INFO - Form reset
2026-02-09 19:38:34,580 - FormEngine - INFO - Application started
2026-02-09 19:38:34,584 - FormEngine - INFO - Loaded schema: schema.json
2026-02-09 19:38:34,585 - FormEngine - INFO - Schema resolver initialized
2026-02-09 19:38:34,585 - FormEngine - INFO - Form renderer initialized
2026-02-09 19:38:34,585 - FormEngine - INFO - Validation engine initialized
2026-02-09 19:38:34,589 - FormEngine - INFO - Initialized array owners with 1 items
2026-02-09 19:38:41,254 - FormEngine - INFO - Application started
2026-02-09 19:38:41,258 - FormEngine - INFO - Loaded schema: example_customer_feedback.json
2026-02-09 19:38:41,259 - FormEngine - INFO - Schema resolver initialized
2026-02-09 19:38:41,259 - FormEngine - INFO - Form renderer initialized
2026-02-09 19:38:41,259 - FormEngine - INFO - Validation engine initialized
2026-02-09 19:38:47,606 - FormEngine - INFO - Application started
2026-02-09 19:38:47,611 - FormEngine - INFO - Loaded schema: schema.json
2026-02-09 19:38:47,612 - FormEngine - INFO - Schema resolver initialized
2026-02-09 19:38:47,612 - FormEngine - INFO - Form renderer initialized
2026-02-09 19:38:47,612 - FormEngine - INFO - Validation engine initialized
2026-02-09 19:38:47,616 - FormEngine - INFO - Initialized array owners with 1 items
